Fri Sep 12 11:22:41 CEST 2025: Display change detected
Fri Sep 12 11:22:41 CEST 2025: Configuring for 2 display(s)
Fri Sep 12 11:22:41 CEST 2025: Setup completed
Fri Sep 12 11:24:54 CEST 2025: Display change detected
Fri Sep 12 11:24:54 CEST 2025: Configuring for 2 display(s)
Fri Sep 12 11:24:54 CEST 2025: Setup completed
Fri Sep 12 11:32:04 CEST 2025: Display change detected
Fri Sep 12 11:32:04 CEST 2025: Configuring for 2 display(s)
Fri Sep 12 11:32:04 CEST 2025: Setup completed
Fri Sep 12 12:35:08 CEST 2025: Display change detected
Fri Sep 12 12:35:08 CEST 2025: Configuring for 1 display(s)
Fri Sep 12 12:35:08 CEST 2025: Setup completed
Fri Sep 12 12:35:14 CEST 2025: Display change detected
Fri Sep 12 12:35:14 CEST 2025: Configuring for 2 display(s)
Fri Sep 12 12:35:15 CEST 2025: Setup completed
Fri Sep 12 12:39:43 CEST 2025: Display change detected
Fri Sep 12 12:39:43 CEST 2025: Configuring for 1 display(s)
Fri Sep 12 12:39:43 CEST 2025: Setup completed
Fri Sep 12 12:39:46 CEST 2025: Display change detected
Fri Sep 12 12:39:46 CEST 2025: Configuring for 2 display(s)
Fri Sep 12 12:39:47 CEST 2025: Setup completed
Fri Sep 12 13:40:40 CEST 2025: Display change detected
Fri Sep 12 13:40:40 CEST 2025: Configuring for 2 display(s)
Fri Sep 12 13:40:40 CEST 2025: Setup completed
Fri Sep 12 13:40:40 CEST 2025: Display change detected
Fri Sep 12 13:40:41 CEST 2025: Configuring for 2 display(s)
Fri Sep 12 13:40:41 CEST 2025: Setup completed
Fri Sep 12 14:21:23 CEST 2025: Display change detected
Fri Sep 12 14:21:23 CEST 2025: Configuring for 1 display(s)
Fri Sep 12 14:21:23 CEST 2025: Setup completed
Fri Sep 12 14:21:28 CEST 2025: Display change detected
Fri Sep 12 14:21:28 CEST 2025: Configuring for 2 display(s)
Fri Sep 12 14:21:28 CEST 2025: Setup completed
Fri Sep 12 15:08:42 CEST 2025: Display change detected
Fri Sep 12 15:08:42 CEST 2025: Configuring for 1 display(s)
Fri Sep 12 15:08:42 CEST 2025: Setup completed
Fri Sep 12 15:08:45 CEST 2025: Display change detected
Fri Sep 12 15:08:45 CEST 2025: Configuring for 2 display(s)
Fri Sep 12 15:08:45 CEST 2025: Setup completed
Mon Sep 15 09:23:18 CEST 2025: Display change detected
Mon Sep 15 09:23:19 CEST 2025: Configuring for 2 display(s)
Mon Sep 15 09:23:19 CEST 2025: Setup completed
Mon Sep 15 09:23:42 CEST 2025: Display change detected
Mon Sep 15 09:23:42 CEST 2025: Configuring for 1 display(s)
Mon Sep 15 09:23:43 CEST 2025: Setup completed
Mon Sep 15 09:23:48 CEST 2025: Display change detected
Mon Sep 15 09:23:48 CEST 2025: Configuring for 2 display(s)
Mon Sep 15 09:23:48 CEST 2025: Setup completed
Mon Sep 15 09:29:18 CEST 2025: Display change detected
Mon Sep 15 09:29:18 CEST 2025: Configuring for 1 display(s)
Mon Sep 15 09:29:18 CEST 2025: Setup completed
Mon Sep 15 09:29:26 CEST 2025: Display change detected
Mon Sep 15 09:29:26 CEST 2025: Configuring for 2 display(s)
Mon Sep 15 09:29:27 CEST 2025: Setup completed
Mon Sep 15 11:17:25 CEST 2025: Display change detected
Mon Sep 15 11:17:25 CEST 2025: Configuring for 1 display(s)
Mon Sep 15 11:17:25 CEST 2025: Setup completed
Mon Sep 15 11:17:30 CEST 2025: Display change detected
Mon Sep 15 11:17:30 CEST 2025: Configuring for 2 display(s)
Mon Sep 15 11:17:31 CEST 2025: Setup completed
Mon Sep 15 17:03:33 CEST 2025: Display change detected
Mon Sep 15 17:03:33 CEST 2025: Configuring for 1 display(s)
Mon Sep 15 17:03:33 CEST 2025: Setup completed
Tue Sep 16 08:26:36 CEST 2025: Display change detected
Tue Sep 16 08:26:36 CEST 2025: Configuring for 2 display(s)
Tue Sep 16 08:26:37 CEST 2025: Setup completed
Tue Sep 16 13:53:25 CEST 2025: Display change detected
Tue Sep 16 13:53:26 CEST 2025: Configuring for 1 display(s)
Tue Sep 16 13:53:26 CEST 2025: Setup completed
Tue Sep 16 14:52:54 CEST 2025: Display change detected
Tue Sep 16 14:52:54 CEST 2025: Configuring for 2 display(s)
Tue Sep 16 14:52:54 CEST 2025: Setup completed
Tue Sep 16 16:32:03 CEST 2025: Display change detected
Tue Sep 16 16:32:03 CEST 2025: Configuring for 1 display(s)
Tue Sep 16 16:32:03 CEST 2025: Setup completed
Wed Sep 17 08:27:29 CEST 2025: Display change detected
Wed Sep 17 08:27:29 CEST 2025: Configuring for 2 display(s)
Wed Sep 17 08:27:29 CEST 2025: Setup completed
Wed Sep 17 08:58:24 CEST 2025: Display change detected
Wed Sep 17 08:58:24 CEST 2025: Configuring for 1 display(s)
Wed Sep 17 08:58:25 CEST 2025: Setup completed
Wed Sep 17 08:58:29 CEST 2025: Display change detected
Wed Sep 17 08:58:30 CEST 2025: Configuring for 2 display(s)
Wed Sep 17 08:58:30 CEST 2025: Setup completed
Wed Sep 17 09:00:03 CEST 2025: Display change detected
Wed Sep 17 09:00:03 CEST 2025: Configuring for 1 display(s)
Wed Sep 17 09:00:03 CEST 2025: Setup completed
Wed Sep 17 09:00:10 CEST 2025: Display change detected
Wed Sep 17 09:00:10 CEST 2025: Configuring for 2 display(s)
Wed Sep 17 09:00:11 CEST 2025: Setup completed
Wed Sep 17 09:00:48 CEST 2025: Display change detected
Wed Sep 17 09:00:48 CEST 2025: Configuring for 1 display(s)
Wed Sep 17 09:00:48 CEST 2025: Setup completed
Wed Sep 17 09:00:54 CEST 2025: Display change detected
Wed Sep 17 09:00:55 CEST 2025: Configuring for 2 display(s)
Wed Sep 17 09:00:55 CEST 2025: Setup completed
